============================= test session starts =============================
platform win32 -- Python 3.12.3, pytest-9.0.2, pluggy-1.6.0 -- C:\Users\rookie\Documents\Projects\pronounce-web\.venv\Scripts\python.exe
cachedir: .pytest_cache
rootdir: C:\Users\rookie\Documents\Projects\pronounce-web
configfile: pyproject.toml
plugins: anyio-4.12.1, locust-2.43.0
collecting ... collected 1 item

tests/test_demo_mode.py::test_guest_read_only_access DEBUG SESSION NEW: IdentitySet([<SystemConfig (pending 2515126546608)>])
DEBUG SESSION DIRTY: IdentitySet([])
FAILED

================================== FAILURES ===================================
_________________________ test_guest_read_only_access _________________________

self = <sqlalchemy.engine.base.Connection object at 0x0000024999397110>
dialect = <sqlalchemy.dialects.postgresql.psycopg2.PGDialect_psycopg2 object at 0x0000024997D6ED20>
context = <sqlalchemy.dialects.postgresql.psycopg2.PGExecutionContext_psycopg2 object at 0x0000024999721AF0>
statement = <sqlalchemy.dialects.postgresql.base.PGCompiler object at 0x0000024999360E60>
parameters = [{'consented_at': None, 'created_at': datetime.datetime(2026, 1, 19, 13, 59, 5, 256520, tzinfo=datetime.timezone.utc), 'email': 'target@example.com', 'failed_login_attempts': 0, ...}]

    def _exec_single_context(
        self,
        dialect: Dialect,
        context: ExecutionContext,
        statement: Union[str, Compiled],
        parameters: Optional[_AnyMultiExecuteParams],
    ) -> CursorResult[Any]:
        """continue the _execute_context() method for a single DBAPI
        cursor.execute() or cursor.executemany() call.
    
        """
        if dialect.bind_typing is BindTyping.SETINPUTSIZES:
            generic_setinputsizes = context._prepare_set_input_sizes()
    
            if generic_setinputsizes:
                try:
                    dialect.do_set_input_sizes(
                        context.cursor, generic_setinputsizes, context
                    )
                except BaseException as e:
                    self._handle_dbapi_exception(
                        e, str(statement), parameters, None, context
                    )
    
        cursor, str_statement, parameters = (
            context.cursor,
            context.statement,
            context.parameters,
        )
    
        effective_parameters: Optional[_AnyExecuteParams]
    
        if not context.executemany:
            effective_parameters = parameters[0]
        else:
            effective_parameters = parameters
    
        if self._has_events or self.engine._has_events:
            for fn in self.dispatch.before_cursor_execute:
                str_statement, effective_parameters = fn(
                    self,
                    cursor,
                    str_statement,
                    effective_parameters,
                    context,
                    context.executemany,
                )
    
        if self._echo:
            self._log_info(str_statement)
    
            stats = context._get_cache_stats()
    
            if not self.engine.hide_parameters:
                self._log_info(
                    "[%s] %r",
                    stats,
                    sql_util._repr_params(
                        effective_parameters,
                        batches=10,
                        ismulti=context.executemany,
                    ),
                )
            else:
                self._log_info(
                    "[%s] [SQL parameters hidden due to hide_parameters=True]",
                    stats,
                )
    
        evt_handled: bool = False
        try:
            if context.execute_style is ExecuteStyle.EXECUTEMANY:
                effective_parameters = cast(
                    "_CoreMultiExecuteParams", effective_parameters
                )
                if self.dialect._has_events:
                    for fn in self.dialect.dispatch.do_executemany:
                        if fn(
                            cursor,
                            str_statement,
                            effective_parameters,
                            context,
                        ):
                            evt_handled = True
                            break
                if not evt_handled:
                    self.dialect.do_executemany(
                        cursor,
                        str_statement,
                        effective_parameters,
                        context,
                    )
            elif not effective_parameters and context.no_parameters:
                if self.dialect._has_events:
                    for fn in self.dialect.dispatch.do_execute_no_params:
                        if fn(cursor, str_statement, context):
                            evt_handled = True
                            break
                if not evt_handled:
                    self.dialect.do_execute_no_params(
                        cursor, str_statement, context
                    )
            else:
                effective_parameters = cast(
                    "_CoreSingleExecuteParams", effective_parameters
                )
                if self.dialect._has_events:
                    for fn in self.dialect.dispatch.do_execute:
                        if fn(
                            cursor,
                            str_statement,
                            effective_parameters,
                            context,
                        ):
                            evt_handled = True
                            break
                if not evt_handled:
>                   self.dialect.do_execute(
                        cursor, str_statement, effective_parameters, context
                    )

.venv\Lib\site-packages\sqlalchemy\engine\base.py:1967: 
_ _ _ _ _ _ _ _ _ _ _ _ _ _ _ _ _ _ _ _ _ _ _ _ _ _ _ _ _ _ _ _ _ _ _ _ _ _ _ _

self = <sqlalchemy.dialects.postgresql.psycopg2.PGDialect_psycopg2 object at 0x0000024997D6ED20>
cursor = <cursor object at 0x000002499978C3C0; closed: -1>
statement = 'INSERT INTO users (username, password_hash, first_name, last_name, student_id, email, is_test_account, is_guest, fail...s_guest)s, %(failed_login_attempts)s, %(locked_until)s, %(role)s, %(consented_at)s, %(created_at)s) RETURNING users.id'
parameters = {'consented_at': None, 'created_at': datetime.datetime(2026, 1, 19, 13, 59, 5, 256520, tzinfo=datetime.timezone.utc), 'email': 'target@example.com', 'failed_login_attempts': 0, ...}
context = <sqlalchemy.dialects.postgresql.psycopg2.PGExecutionContext_psycopg2 object at 0x0000024999721AF0>

    def do_execute(self, cursor, statement, parameters, context=None):
>       cursor.execute(statement, parameters)
E       psycopg2.errors.NotNullViolation: null value in column "password_hash" of relation "users" violates not-null constraint
E       DETAIL:  Failing row contains (2, target, null, Target, Student, null, target@example.com, f, f, 0, null, student, null, 2026-01-19 20:59:05.25652).

.venv\Lib\site-packages\sqlalchemy\engine\default.py:952: NotNullViolation

The above exception was the direct cause of the following exception:

client = <FlaskClient <Flask 'flask_app'>>, demo_mode = <SystemConfig demo_mode>
guest_user = <[PendingRollbackError('This Session\'s transaction has been rolled back due to a previous exception during flush. To ....utc)}]\n(Background on this error at: https://sqlalche.me/e/20/gkpj)') raised in repr()] User object at 0x2499932ee40>

    def test_guest_read_only_access(client, demo_mode, guest_user):
        """Test that guest users can see dashboards but cannot modify data."""
        # Log in as guest
        with client.session_transaction() as sess:
            sess["_user_id"] = str(guest_user.id)
    
        # 1. Access Admin Dashboard (Should be allowed)
        response = client.get("/dashboard/admin")
        assert response.status_code == 200
        assert b"Admin Console" in response.data
        assert b"DEMO" in response.data  # Check for badge
    
        # 2. Try to Edit User (Should be blocked)
        # Create a dummy user to edit
        # 2. Try to Edit User (Should be blocked)
        # Create a dummy user to edit
        target_user = User(
            username="target",
            email="target@example.com",
            first_name="Target",
            last_name="Student",
            role="student",
        )
        db.session.add(target_user)
>       db.session.commit()

tests\test_demo_mode.py:98: 
_ _ _ _ _ _ _ _ _ _ _ _ _ _ _ _ _ _ _ _ _ _ _ _ _ _ _ _ _ _ _ _ _ _ _ _ _ _ _ _
.venv\Lib\site-packages\sqlalchemy\orm\scoping.py:597: in commit
    return self._proxied.commit()
           ^^^^^^^^^^^^^^^^^^^^^^
.venv\Lib\site-packages\sqlalchemy\orm\session.py:2030: in commit
    trans.commit(_to_root=True)
<string>:2: in commit
    ???
.venv\Lib\site-packages\sqlalchemy\orm\state_changes.py:137: in _go
    ret_value = fn(self, *arg, **kw)
                ^^^^^^^^^^^^^^^^^^^^
.venv\Lib\site-packages\sqlalchemy\orm\session.py:1311: in commit
    self._prepare_impl()
<string>:2: in _prepare_impl
    ???
.venv\Lib\site-packages\sqlalchemy\orm\state_changes.py:137: in _go
    ret_value = fn(self, *arg, **kw)
                ^^^^^^^^^^^^^^^^^^^^
.venv\Lib\site-packages\sqlalchemy\orm\session.py:1286: in _prepare_impl
    self.session.flush()
.venv\Lib\site-packages\sqlalchemy\orm\session.py:4331: in flush
    self._flush(objects)
.venv\Lib\site-packages\sqlalchemy\orm\session.py:4466: in _flush
    with util.safe_reraise():
.venv\Lib\site-packages\sqlalchemy\util\langhelpers.py:224: in __exit__
    raise exc_value.with_traceback(exc_tb)
.venv\Lib\site-packages\sqlalchemy\orm\session.py:4427: in _flush
    flush_context.execute()
.venv\Lib\site-packages\sqlalchemy\orm\unitofwork.py:466: in execute
    rec.execute(self)
.venv\Lib\site-packages\sqlalchemy\orm\unitofwork.py:642: in execute
    util.preloaded.orm_persistence.save_obj(
.venv\Lib\site-packages\sqlalchemy\orm\persistence.py:93: in save_obj
    _emit_insert_statements(
.venv\Lib\site-packages\sqlalchemy\orm\persistence.py:1233: in _emit_insert_statements
    result = connection.execute(
.venv\Lib\site-packages\sqlalchemy\engine\base.py:1419: in execute
    return meth(
.venv\Lib\site-packages\sqlalchemy\sql\elements.py:527: in _execute_on_connection
    return connection._execute_clauseelement(
.venv\Lib\site-packages\sqlalchemy\engine\base.py:1641: in _execute_clauseelement
    ret = self._execute_context(
.venv\Lib\site-packages\sqlalchemy\engine\base.py:1846: in _execute_context
    return self._exec_single_context(
.venv\Lib\site-packages\sqlalchemy\engine\base.py:1986: in _exec_single_context
    self._handle_dbapi_exception(
.venv\Lib\site-packages\sqlalchemy\engine\base.py:2363: in _handle_dbapi_exception
    raise sqlalchemy_exception.with_traceback(exc_info[2]) from e
.venv\Lib\site-packages\sqlalchemy\engine\base.py:1967: in _exec_single_context
    self.dialect.do_execute(
_ _ _ _ _ _ _ _ _ _ _ _ _ _ _ _ _ _ _ _ _ _ _ _ _ _ _ _ _ _ _ _ _ _ _ _ _ _ _ _

self = <sqlalchemy.dialects.postgresql.psycopg2.PGDialect_psycopg2 object at 0x0000024997D6ED20>
cursor = <cursor object at 0x000002499978C3C0; closed: -1>
statement = 'INSERT INTO users (username, password_hash, first_name, last_name, student_id, email, is_test_account, is_guest, fail...s_guest)s, %(failed_login_attempts)s, %(locked_until)s, %(role)s, %(consented_at)s, %(created_at)s) RETURNING users.id'
parameters = {'consented_at': None, 'created_at': datetime.datetime(2026, 1, 19, 13, 59, 5, 256520, tzinfo=datetime.timezone.utc), 'email': 'target@example.com', 'failed_login_attempts': 0, ...}
context = <sqlalchemy.dialects.postgresql.psycopg2.PGExecutionContext_psycopg2 object at 0x0000024999721AF0>

    def do_execute(self, cursor, statement, parameters, context=None):
>       cursor.execute(statement, parameters)
E       sqlalchemy.exc.IntegrityError: (psycopg2.errors.NotNullViolation) null value in column "password_hash" of relation "users" violates not-null constraint
E       DETAIL:  Failing row contains (2, target, null, Target, Student, null, target@example.com, f, f, 0, null, student, null, 2026-01-19 20:59:05.25652).
E       
E       [SQL: INSERT INTO users (username, password_hash, first_name, last_name, student_id, email, is_test_account, is_guest, failed_login_attempts, locked_until, role, consented_at, created_at) VALUES (%(username)s, %(password_hash)s, %(first_name)s, %(last_name)s, %(student_id)s, %(email)s, %(is_test_account)s, %(is_guest)s, %(failed_login_attempts)s, %(locked_until)s, %(role)s, %(consented_at)s, %(created_at)s) RETURNING users.id]
E       [parameters: {'username': 'target', 'password_hash': None, 'first_name': 'Target', 'last_name': 'Student', 'student_id': None, 'email': 'target@example.com', 'is_test_account': False, 'is_guest': False, 'failed_login_attempts': 0, 'locked_until': None, 'role': 'student', 'consented_at': None, 'created_at': datetime.datetime(2026, 1, 19, 13, 59, 5, 256520, tzinfo=datetime.timezone.utc)}]
E       (Background on this error at: https://sqlalche.me/e/20/gkpj)

.venv\Lib\site-packages\sqlalchemy\engine\default.py:952: IntegrityError
============================== warnings summary ===============================
tests/test_demo_mode.py::test_guest_read_only_access
  C:\Users\rookie\Documents\Projects\pronounce-web\flask_app.py:108: LegacyAPIWarning: The Query.get() method is considered legacy as of the 1.x series of SQLAlchemy and becomes a legacy construct in 2.0. The method is now available as Session.get() (deprecated since: 2.0) (Background on SQLAlchemy 2.0 at: https://sqlalche.me/e/b8d9)
    return User.query.get(int(user_id))

-- Docs: https://docs.pytest.org/en/stable/how-to/capture-warnings.html
=========================== short test summary info ===========================
FAILED tests/test_demo_mode.py::test_guest_read_only_access - sqlalchemy.exc....
======================== 1 failed, 1 warning in 0.89s =========================
